// Jest Snapshot v1, https://goo.gl/fbAQLP

exports[`ReduxStoreProvider should render correctly 1`] = `
<Provider
  store={Symbol(test-store)}
/>
`;
