// Jest Snapshot v1, https://goo.gl/fbAQLP

exports[`renders correctly 1`] = `
<nav
  className="navigation"
>
  <ThemeSwitch />
  <ul
    className="navItems"
  >
    <li
      className="navItem"
    >
      <NavLink
        activeClassName="link--active"
        className="link"
        exact={true}
        to="test-home-route"
      >
        Home
      </NavLink>
    </li>
    <li
      className="navItem"
    >
      <NavLink
        activeClassName="link--active"
        className="link"
        to="test-about-route"
      >
        About
      </NavLink>
    </li>
    <li
      className="navItem"
    >
      <NavLink
        activeClassName="link--active"
        className="link"
        to="test-contact-route"
      >
        Contact
      </NavLink>
    </li>
  </ul>
</nav>
`;
