// Jest Snapshot v1, https://goo.gl/fbAQLP

exports[`Fallback renders correctly 1`] = `
<Fallback
  setLoading={
    [MockFunction] {
      "calls": Array [
        Array [
          true,
        ],
      ],
      "results": Array [
        Object {
          "type": "return",
          "value": undefined,
        },
      ],
    }
  }
/>
`;
